// Jest Snapshot v1, https://goo.gl/fbAQLP

exports[`components > bm-layout > bm-layout.component.spec.ts should match snapshot 1`] = `
<bm-layout
  GENERAL_MENU_ITEMS={[Function Array]}
  isToggled="false"
  menu={[Function NbMenuService]}
  selectedItem={[Function Object]}
  sideBarService={[Function NbSidebarService]}
>
  <nb-layout>
    <div
      class="scrollable-container"
    >
      <div
        class="layout"
      >
        <nb-layout-header
          class="fixed"
          fixed=""
        >
          <nav
            class="fixed"
          >
            <button
              ghost=""
              nbbutton=""
              shape="round"
            >
              <nb-icon>
                <svg
                  class="eva eva-arrowhead-left-outline"
                  fill="currentColor"
                  height="100%"
                  viewBox="0 0 24 24"
                  width="100%"
                  xmlns="http://www.w3.org/2000/svg"
                >
                  <g
                    data-name="Layer 2"
                  >
                    <g
                      data-name="arrowhead-left"
                    >
                      <rect
                        height="24"
                        opacity="0"
                        transform="rotate(90 12 12)"
                        width="24"
                      />
                      <path
                        d="M11.64 5.23a1 1 0 0 0-1.41.13l-5 6a1 1 0 0 0 0 1.27l4.83 6a1 1 0 0 0 .78.37 1 1 0 0 0 .78-1.63L7.29 12l4.48-5.37a1 1 0 0 0-.13-1.4z"
                      />
                      <path
                        d="M14.29 12l4.48-5.37a1 1 0 0 0-1.54-1.28l-5 6a1 1 0 0 0 0 1.27l4.83 6a1 1 0 0 0 .78.37 1 1 0 0 0 .78-1.63z"
                      />
                    </g>
                  </g>
                </svg>
              </nb-icon>
            </button>
            <a
              href="#"
            >
              <i
                class="nb-menu"
              />
            </a>
          </nav>
        </nb-layout-header>
        <div
          class="layout-container"
        >
          <nb-sidebar
            class="left expanded"
          >
            <div
              class="main-container main-container-fixed"
            >
              <div
                class="scrollable"
              >
                <nb-menu>
                  <ul
                    class="menu-items"
                  >
                    <li
                      class="menu-item"
                      nbmenuitem=""
                    >
                      <a
                        href="http://localhost/overall-information"
                        title="Overall"
                      >
                        <nb-icon
                          class="menu-icon"
                        >
                          <svg
                            class="eva eva-map-outline"
                            fill="currentColor"
                            height="100%"
                            viewBox="0 0 24 24"
                            width="100%"
                            xmlns="http://www.w3.org/2000/svg"
                          >
                            <g
                              data-name="Layer 2"
                            >
                              <g
                                data-name="map"
                              >
                                <rect
                                  height="24"
                                  opacity="0"
                                  transform="rotate(180 12 12)"
                                  width="24"
                                />
                                <path
                                  d="M20.41 5.89l-4-1.8H15.59L12 5.7 8.41 4.09h-.05L8.24 4h-.6l-4 1.8a1 1 0 0 0-.64 1V19a1 1 0 0 0 .46.84A1 1 0 0 0 4 20a1 1 0 0 0 .41-.09L8 18.3l3.59 1.61h.05a.85.85 0 0 0 .72 0h.05L16 18.3l3.59 1.61A1 1 0 0 0 20 20a1 1 0 0 0 .54-.16A1 1 0 0 0 21 19V6.8a1 1 0 0 0-.59-.91zM5 7.44l2-.89v10l-2 .89zm4-.89l2 .89v10l-2-.89zm4 .89l2-.89v10l-2 .89zm6 10l-2-.89v-10l2 .89z"
                                />
                              </g>
                            </g>
                          </svg>
                        </nb-icon>
                        <span
                          class="menu-title"
                        >
                          Overall
                        </span>
                      </a>
                    </li>
                    <li
                      class="menu-item"
                      nbmenuitem=""
                    >
                      <a
                        aria-expanded="false"
                        href="#"
                        title="Information"
                      >
                        <nb-icon
                          class="menu-icon"
                        >
                          <svg
                            class="eva eva-info-outline"
                            fill="currentColor"
                            height="100%"
                            viewBox="0 0 24 24"
                            width="100%"
                            xmlns="http://www.w3.org/2000/svg"
                          >
                            <g
                              data-name="Layer 2"
                            >
                              <g
                                data-name="info"
                              >
                                <rect
                                  height="24"
                                  opacity="0"
                                  transform="rotate(180 12 12)"
                                  width="24"
                                />
                                <path
                                  d="M12 2a10 10 0 1 0 10 10A10 10 0 0 0 12 2zm0 18a8 8 0 1 1 8-8 8 8 0 0 1-8 8z"
                                />
                                <circle
                                  cx="12"
                                  cy="8"
                                  r="1"
                                />
                                <path
                                  d="M12 10a1 1 0 0 0-1 1v5a1 1 0 0 0 2 0v-5a1 1 0 0 0-1-1z"
                                />
                              </g>
                            </g>
                          </svg>
                        </nb-icon>
                        <span
                          class="menu-title"
                        >
                          Information
                        </span>
                        <nb-icon
                          class="expand-state"
                          pack="nebular-essentials"
                        >
                          <svg
                            fill="currentColor"
                            height="100%"
                            viewBox="0 0 24 24"
                            width="100%"
                            xmlns="http://www.w3.org/2000/svg"
                          >
                            <g
                              data-name="Layer 2"
                            >
                              <g
                                data-name="chevron-left"
                              >
                                <rect
                                  height="24"
                                  opacity="0"
                                  transform="rotate(90 12 12)"
                                  width="24"
                                />
                                <path
                                  d="M13.36 17a1 1 0 0 1-.72-.31l-3.86-4a1 1 0 0 1 0-1.4l4-4a1 1 0 1 1 1.42 1.42L10.9 12l3.18 3.3a1 1 0 0 1 0 1.41 1 1 0 0 1-.72.29z"
                                />
                              </g>
                            </g>
                          </svg>
                        </nb-icon>
                      </a>
                      <ul
                        class="menu-items collapsed ng-trigger ng-trigger-toggle"
                        style="height:0px;margin:0px;0:height;1:margin;"
                      >
                        <li
                          class="menu-item"
                          nbmenuitem=""
                          style=""
                        >
                          <a
                            href="http://localhost/information/movies"
                            title="Movies"
                          >
                            <nb-icon
                              class="menu-icon"
                            >
                              <svg
                                class="eva eva-film-outline"
                                fill="currentColor"
                                height="100%"
                                viewBox="0 0 24 24"
                                width="100%"
                                xmlns="http://www.w3.org/2000/svg"
                              >
                                <g
                                  data-name="Layer 2"
                                >
                                  <g
                                    data-name="film"
                                  >
                                    <rect
                                      height="24"
                                      opacity="0"
                                      width="24"
                                    />
                                    <path
                                      d="M18.26 3H5.74A2.74 2.74 0 0 0 3 5.74v12.52A2.74 2.74 0 0 0 5.74 21h12.52A2.74 2.74 0 0 0 21 18.26V5.74A2.74 2.74 0 0 0 18.26 3zM7 11H5V9h2zm-2 2h2v2H5zm4-8h6v14H9zm10 6h-2V9h2zm-2 2h2v2h-2zm2-7.26V7h-2V5h1.26a.74.74 0 0 1 .74.74zM5.74 5H7v2H5V5.74A.74.74 0 0 1 5.74 5zM5 18.26V17h2v2H5.74a.74.74 0 0 1-.74-.74zm14 0a.74.74 0 0 1-.74.74H17v-2h2z"
                                    />
                                  </g>
                                </g>
                              </svg>
                            </nb-icon>
                            <span
                              class="menu-title"
                            >
                              Movies
                            </span>
                          </a>
                        </li>
                        <li
                          class="menu-item"
                          nbmenuitem=""
                          style=""
                        >
                          <a
                            href="http://localhost/information/people"
                            title="People"
                          >
                            <nb-icon
                              class="menu-icon"
                            >
                              <svg
                                class="eva eva-people-outline"
                                fill="currentColor"
                                height="100%"
                                viewBox="0 0 24 24"
                                width="100%"
                                xmlns="http://www.w3.org/2000/svg"
                              >
                                <g
                                  data-name="Layer 2"
                                >
                                  <g
                                    data-name="people"
                                  >
                                    <rect
                                      height="24"
                                      opacity="0"
                                      width="24"
                                    />
                                    <path
                                      d="M9 11a4 4 0 1 0-4-4 4 4 0 0 0 4 4zm0-6a2 2 0 1 1-2 2 2 2 0 0 1 2-2z"
                                    />
                                    <path
                                      d="M17 13a3 3 0 1 0-3-3 3 3 0 0 0 3 3zm0-4a1 1 0 1 1-1 1 1 1 0 0 1 1-1z"
                                    />
                                    <path
                                      d="M17 14a5 5 0 0 0-3.06 1.05A7 7 0 0 0 2 20a1 1 0 0 0 2 0 5 5 0 0 1 10 0 1 1 0 0 0 2 0 6.9 6.9 0 0 0-.86-3.35A3 3 0 0 1 20 19a1 1 0 0 0 2 0 5 5 0 0 0-5-5z"
                                    />
                                  </g>
                                </g>
                              </svg>
                            </nb-icon>
                            <span
                              class="menu-title"
                            >
                              People
                            </span>
                          </a>
                        </li>
                      </ul>
                    </li>
                  </ul>
                </nb-menu>
              </div>
            </div>
          </nb-sidebar>
          <div
            class="content"
          >
            <div
              class="columns"
            >
              <nb-layout-column
                class="colored-column-basic"
              >
                <router-outlet />
              </nb-layout-column>
            </div>
          </div>
        </div>
      </div>
    </div>
  </nb-layout>
</bm-layout>
`;
